// Jest Snapshot v1, https://goo.gl/fbAQLP

exports[`Admin Page renders admin 1`] = `
<div>
  <div>
    <div
      class="layout RaLayout-root-1"
    >
      <button
        aria-label="Skip to content"
        class="MuiButtonBase-root-39 MuiButton-root-12 MuiButton-contained-20 RaButton-button-6 RaSkipToContentButton-skipToContentButton-5 skip-nav-button MuiButton-containedPrimary-21 MuiButton-containedSizeSmall-29 MuiButton-sizeSmall-31"
        tabindex="0"
        type="button"
      >
        <span
          class="MuiButton-label-13"
        >
          <span
            class="RaButton-label-7"
          >
            Skip to content
          </span>
        </span>
      </button>
      <div
        class="RaLayout-appFrame-2"
      >
        <header
          class="MuiPaper-root-51 MuiAppBar-root-40 MuiAppBar-positionFixed-41 MuiAppBar-colorPrimary-47 sc-hKwDye lneMbB mui-fixed MuiPaper-elevation4-58"
        >
          <span>
            Admin Console
          </span>
          <button
            class="MuiButtonBase-root-39 MuiButton-root-12 MuiButton-text-14 sc-bdvvtL dyzeuB MuiButton-colorInherit-24"
            tabindex="0"
            type="button"
          >
            <span
              class="MuiButton-label-13"
            >
              Go Back
            </span>
          </button>
        </header>
        <main
          class="RaLayout-contentWithSidebar-3"
        >
          <div
            class="MuiDrawer-root-94 RaSidebar-root-79 MuiDrawer-docked-95 RaSidebar-docked-80"
          >
            <div
              class="MuiPaper-root-51 MuiDrawer-paper-96 RaSidebar-paper-81 MuiDrawer-paperAnchorLeft-97 RaSidebar-paperAnchorLeft-82 RaSidebar-drawerPaper-92 RaSidebar-drawerPaper-93 MuiDrawer-paperAnchorDockedLeft-101 RaSidebar-paperAnchorDockedLeft-86 MuiPaper-elevation0-54"
            >
              <div
                class="RaSidebar-fixed-91"
              >
                <div
                  class="RaMenu-main-106 RaMenu-closed-108"
                >
                  <a
                    aria-current="page"
                    aria-disabled="false"
                    class="MuiButtonBase-root-39 MuiListItem-root-132 MuiMenuItem-root-129 RaMenuItemLink-root-115 MuiMenuItem-gutters-130 MuiListItem-gutters-137 MuiListItem-button-138 RaMenuItemLink-active-116"
                    href="#/users"
                    role="menuitem"
                    tabindex="0"
                    title="Users"
                  >
                    <div
                      class="MuiListItemIcon-root-140 RaMenuItemLink-icon-117"
                    >
                      <svg
                        class="MuiSvgIcon-root-142"
                        focusable="false"
                        role="img"
                        viewBox="0 0 24 24"
                      >
                        <path
                          d="M4 14h4v-4H4v4zm0 5h4v-4H4v4zM4 9h4V5H4v4zm5 5h12v-4H9v4zm0 5h12v-4H9v4zM9 5v4h12V5H9z"
                        />
                        <title>
                          Users
                        </title>
                      </svg>
                    </div>
                    Users
                  </a>
                </div>
              </div>
            </div>
          </div>
          <div
            class="RaLayout-content-4"
            id="main-content"
          >
            <div
              class="list-page RaList-root-151"
            >
              <div
                class="MuiToolbar-root-159 MuiToolbar-regular-161 RaListToolbar-toolbar-157 MuiToolbar-gutters-160"
              >
                <span />
                <div
                  class="MuiToolbar-root-159 MuiToolbar-regular-161 RaTopToolbar-root-163 RaListToolbar-actions-158 MuiToolbar-gutters-160"
                >
                  <button
                    aria-label="Export"
                    class="MuiButtonBase-root-39 MuiButton-root-12 MuiButton-text-14 RaButton-button-6 MuiButton-textPrimary-15 MuiButton-textSizeSmall-25 MuiButton-sizeSmall-31"
                    tabindex="0"
                    type="button"
                  >
                    <span
                      class="MuiButton-label-13"
                    >
                      <svg
                        aria-hidden="true"
                        class="MuiSvgIcon-root-142 RaButton-smallIcon-9"
                        focusable="false"
                        viewBox="0 0 24 24"
                      >
                        <path
                          d="M19 9h-4V3H9v6H5l7 7 7-7zM5 18v2h14v-2H5z"
                        />
                      </svg>
                      <span
                        class="RaButton-label-7"
                      >
                        Export
                      </span>
                    </span>
                  </button>
                </div>
              </div>
              <div
                class="RaList-main-152"
              >
                <div
                  class="MuiPaper-root-51 MuiCard-root-164 RaList-content-153 MuiPaper-elevation1-55 MuiPaper-rounded-52"
                >
                  <div
                    class="MuiToolbar-root-159 MuiToolbar-regular-161 RaBulkActionsToolbar-toolbar-165 RaBulkActionsToolbar-collapsed-168 MuiToolbar-gutters-160"
                    data-test="bulk-actions-toolbar"
                  >
                    <div
                      class="RaBulkActionsToolbar-title-169"
                    >
                      <button
                        aria-label="Unselect"
                        class="MuiButtonBase-root-39 MuiIconButton-root-171 RaBulkActionsToolbar-icon-170 MuiIconButton-sizeSmall-177"
                        tabindex="0"
                        title="Unselect"
                        type="button"
                      >
                        <span
                          class="MuiIconButton-label-178"
                        >
                          <svg
                            aria-hidden="true"
                            class="MuiSvgIcon-root-142 MuiSvgIcon-fontSizeSmall-149"
                            focusable="false"
                            viewBox="0 0 24 24"
                          >
                            <path
                              d="M19 6.41L17.59 5 12 10.59 6.41 5 5 6.41 10.59 12 5 17.59 6.41 19 12 13.41 17.59 19 19 17.59 13.41 12z"
                            />
                          </svg>
                        </span>
                      </button>
                      <h6
                        class="MuiTypography-root-179 MuiTypography-subtitle1-190 MuiTypography-colorInherit-201"
                      >
                        0 items selected
                      </h6>
                    </div>
                    <div
                      class="MuiToolbar-root-159 MuiToolbar-regular-161 RaTopToolbar-root-163 RaBulkActionsToolbar-topToolbar-166 MuiToolbar-gutters-160"
                    >
                      <button
                        aria-label="Delete"
                        class="MuiButtonBase-root-39 MuiButton-root-12 MuiButton-text-14 RaButton-button-6 RaBulkDeleteWithUndoButton-deleteButton-209 MuiButton-textPrimary-15 MuiButton-textSizeSmall-25 MuiButton-sizeSmall-31"
                        tabindex="0"
                        type="button"
                      >
                        <span
                          class="MuiButton-label-13"
                        >
                          <svg
                            aria-hidden="true"
                            class="MuiSvgIcon-root-142 RaButton-smallIcon-9"
                            focusable="false"
                            viewBox="0 0 24 24"
                          >
                            <path
                              d="M6 19c0 1.1.9 2 2 2h8c1.1 0 2-.9 2-2V7H6v12zM19 4h-3.5l-1-1h-5l-1 1H5v2h14V4z"
                            />
                          </svg>
                          <span
                            class="RaButton-label-7"
                          >
                            Delete
                          </span>
                        </span>
                      </button>
                    </div>
                  </div>
                  <div
                    class="MuiToolbar-root-159 MuiToolbar-dense-162 MuiToolbar-gutters-160"
                  />
                </div>
              </div>
            </div>
          </div>
        </main>
      </div>
    </div>
  </div>
  <div
    style="position: fixed; z-index: 9999;"
  />
</div>
`;
